Command: C:\Users\emi\.espressif\python_env\idf6.1_py3.11_env\Scripts\python.exe D:\GitHub\esp-idf\tools/idf_monitor.py -p COM3 -b 115200 --toolchain-prefix xtensa-esp32-elf- --target esp32 --revision 0 D:\GitHub\Datalogger_2.0\esp32-datalogger\test-project\build\test-project.elf D:\GitHub\Datalogger_2.0\esp32-datalogger\test-project\build\bootloader\bootloader.elf --force-color -m 'C:\Users\emi\.espressif\python_env\idf6.1_py3.11_env\Scripts\python.exe' 'D:\GitHub\esp-idf\tools\idf.py' '-p' 'COM3'
ets Jul 29 2019 12:21:46

rst:0x1 (POWERON_RESET),boot:0x13 (SPI_FAST_FLASH_BOOT)
configsip: 0, SPIWP:0xee
clk_drv:0x00,q_drv:0x00,d_drv:0x00,cs0_drv:0x00,hd_drv:0x00,wp_drv:0x00
mode:DIO, clock div:2
load:0x3fff0040,len:6272
load:0x40078000,len:15848
load:0x40080400,len:3920
entry 0x40080644
[0;32mI (27) boot: ESP-IDF v6.1-dev-3480-g44c77cbf46 2nd stage bootloader[0m
[0;32mI (27) boot: compile time Apr  3 2026 18:48:09[0m
[0;32mI (28) boot: Multicore bootloader[0m
[0;32mI (30) boot: chip revision: v3.1[0m
[0;32mI (33) boot.esp32: SPI Speed      : 40MHz[0m
[0;32mI (37) boot.esp32: SPI Mode       : DIO[0m
[0;32mI (40) boot.esp32: SPI Flash Size : 2MB[0m
[0;32mI (44) boot: Enabling RNG early entropy source...[0m
[0;32mI (49) boot: Partition Table:[0m
[0;32mI (51) boot: ## Label            Usage          Type ST Offset   Length[0m
[0;32mI (57) boot:  0 nvs              WiFi data        01 02 00009000 00006000[0m
[0;32mI (64) boot:  1 phy_init         RF data          01 01 0000f000 00001000[0m
[0;32mI (71) boot:  2 factory          factory app      00 00 00010000 00100000[0m
[0;32mI (77) boot: End of partition table[0m
[0;32mI (80) esp_image: segment 0: paddr=00010020 vaddr=3f400020 size=0a248h ( 41544) map[0m
[0;32mI (103) esp_image: segment 1: paddr=0001a270 vaddr=3ffb0000 size=02aach ( 10924) load[0m
[0;32mI (107) esp_image: segment 2: paddr=0001cd24 vaddr=40080000 size=032f4h ( 13044) load[0m
[0;32mI (113) esp_image: segment 3: paddr=00020020 vaddr=400d0020 size=1090ch ( 67852) map[0m
[0;32mI (138) esp_image: segment 4: paddr=00030934 vaddr=400832f4 size=07d38h ( 32056) load[0m
[0;32mI (152) esp_image: segment 5: paddr=00038674 vaddr=50000000 size=00028h (    40) load[0m
[0;32mI (158) boot: Loaded app from partition at offset 0x10000[0m
[0;32mI (158) boot: Disabling RNG early entropy source...[0m
[0;32mI (170) cpu_start: Multicore app[0m
[0;32mI (178) cpu_start: GPIO 3 and 1 are used as console UART I/O pins[0m
[0;32mI (178) cpu_start: Pro cpu start user code[0m
[0;32mI (178) cpu_start: cpu freq: 160000000 Hz[0m
[0;32mI (180) app_init: Application information:[0m
[0;32mI (184) app_init: Project name:     test-project[0m
[0;32mI (188) app_init: App version:      f9cd521-dirty[0m
[0;32mI (193) app_init: Compile time:     Apr 21 2026 14:20:53[0m
[0;32mI (198) app_init: ELF file SHA256:  ad9e28521...[0m
[0;32mI (202) app_init: ESP-IDF:          v6.1-dev-3480-g44c77cbf46[0m
[0;32mI (208) efuse_init: Min chip rev:     v0.0[0m
[0;32mI (211) efuse_init: Max chip rev:     v3.99 [0m
[0;32mI (215) efuse_init: Chip rev:         v3.1[0m
[0;32mI (219) heap_init: Initializing. RAM available for dynamic allocation:[0m
[0;32mI (226) heap_init: At 3FFAE6E0 len 00001920 (6 KiB): DRAM[0m
[0;32mI (231) heap_init: At 3FFB34B8 len 0002CB48 (178 KiB): DRAM[0m
[0;32mI (236) heap_init: At 3FFE0440 len 00003AE0 (14 KiB): D/IRAM[0m
[0;32mI (241) heap_init: At 3FFE4350 len 0001BCB0 (111 KiB): D/IRAM[0m
[0;32mI (247) heap_init: At 4008B02C len 00014FD4 (83 KiB): IRAM[0m
[0;33mW (253) spi_flash: Detected boya flash chip but using generic driver. For optimal functionality, enable `SPI_FLASH_SUPPORT_BOYA_CHIP` in menuconfig[0m
[0;32mI (265) spi_flash: detected chip: generic[0m
[0;32mI (269) spi_flash: flash io: dio[0m
[0;33mW (272) spi_flash: Detected size(4096k) larger than the size in the binary image header(2048k). Using the size in the binary image header.[0m
[0;32mI (285) main_task: Started on CPU0[0m
[0;32mI (295) main_task: Calling app_main()[0m
[0;32mI (295) main: Hello, starting up..[0m
updated telemetry
Attitude: 179.65, 2.08, -55.52
updated telemetry
Attitude: 179.65, 2.08, -55.52
updated telemetry
Attitude: 179.65, 2.08, -55.52
updated telemetry
Attitude: -179.95, -1.71, -52.25
updated telemetry
Attitude: 163.76, -81.88, -42.75
updated telemetry
Attitude: 159.29, -84.22, -41.64
updated telemetry
Attitude: 170.63, -77.93, -56.85
updated telemetry
Attitude: -179.88, 0.14, -61.08
updated telemetry
Attitude: 179.81, 1.60, -61.32
updated telemetry
Attitude: 177.58, 85.68, -23.61
updated telemetry
Attitude: 168.96, 85.49, -5.82
updated telemetry
Attitude: -136.09, 4.58, -24.51
updated telemetry
Attitude: -91.86, 0.61, -97.09
updated telemetry
Attitude: -177.51, 3.37, -84.62
