Command: C:\Users\emi\.espressif\python_env\idf6.1_py3.11_env\Scripts\python.exe D:\GitHub\esp-idf\tools/idf_monitor.py -p COM3 -b 115200 --toolchain-prefix xtensa-esp32-elf- --target esp32 --revision 0 D:\GitHub\Datalogger_2.0\esp32-datalogger\test-project\build\test-project.elf D:\GitHub\Datalogger_2.0\esp32-datalogger\test-project\build\bootloader\bootloader.elf --force-color -m 'C:\Users\emi\.espressif\python_env\idf6.1_py3.11_env\Scripts\python.exe' 'D:\GitHub\esp-idf\tools\idf.py' '-p' 'COM3'
ets Jul 29 2019 12:21:46

rst:0x1 (POWERON_RESET),boot:0x13 (SPI_FAST_FLASH_BOOT)
configsip: 0, SPIWP:0xee
clk_drv:0x00,q_drv:0x00,d_drv:0x00,cs0_drv:0x00,hd_drv:0x00,wp_drv:0x00
mode:DIO, clock div:2
load:0x3fff0040,len:6272
load:0x40078000,len:15848
load:0x40080400,len:3920
entry 0x40080644
[0;32mI (27) boot: ESP-IDF v6.1-dev-3480-g44c77cbf46 2nd stage bootloader[0m
[0;32mI (27) boot: compile time Apr  3 2026 18:48:09[0m
[0;32mI (28) boot: Multicore bootloader[0m
[0;32mI (30) boot: chip revision: v3.1[0m
[0;32mI (33) boot.esp32: SPI Speed      : 40MHz[0m
[0;32mI (37) boot.esp32: SPI Mode       : DIO[0m
[0;32mI (40) boot.esp32: SPI Flash Size : 2MB[0m
[0;32mI (44) boot: Enabling RNG early entropy source...[0m
[0;32mI (49) boot: Partition Table:[0m
[0;32mI (51) boot: ## Label            Usage          Type ST Offset   Length[0m
[0;32mI (57) boot:  0 nvs              WiFi data        01 02 00009000 00006000[0m
[0;32mI (64) boot:  1 phy_init         RF data          01 01 0000f000 00001000[0m
[0;32mI (71) boot:  2 factory          factory app      00 00 00010000 00100000[0m
[0;32mI (77) boot: End of partition table[0m
[0;32mI (80) esp_image: segment 0: paddr=00010020 vaddr=3f400020 size=0a118h ( 41240) map[0m
[0;32mI (103) esp_image: segment 1: paddr=0001a140 vaddr=3ffb0000 size=02aach ( 10924) load[0m
[0;32mI (107) esp_image: segment 2: paddr=0001cbf4 vaddr=40080000 size=03424h ( 13348) load[0m
[0;32mI (113) esp_image: segment 3: paddr=00020020 vaddr=400d0020 size=10868h ( 67688) map[0m
[0;32mI (138) esp_image: segment 4: paddr=00030890 vaddr=40083424 size=07c08h ( 31752) load[0m
[0;32mI (151) esp_image: segment 5: paddr=000384a0 vaddr=50000000 size=00028h (    40) load[0m
[0;32mI (157) boot: Loaded app from partition at offset 0x10000[0m
[0;32mI (157) boot: Disabling RNG early entropy source...[0m
[0;32mI (169) cpu_start: Multicore app[0m
[0;32mI (178) cpu_start: GPIO 3 and 1 are used as console UART I/O pins[0m
[0;32mI (178) cpu_start: Pro cpu start user code[0m
[0;32mI (178) cpu_start: cpu freq: 160000000 Hz[0m
[0;32mI (180) app_init: Application information:[0m
[0;32mI (184) app_init: Project name:     test-project[0m
[0;32mI (188) app_init: App version:      d10779f-dirty[0m
[0;32mI (192) app_init: Compile time:     Apr  3 2026 18:46:41[0m
[0;32mI (197) app_init: ELF file SHA256:  40457289d...[0m
[0;32mI (202) app_init: ESP-IDF:          v6.1-dev-3480-g44c77cbf46[0m
[0;32mI (207) efuse_init: Min chip rev:     v0.0[0m
[0;32mI (211) efuse_init: Max chip rev:     v3.99 [0m
[0;32mI (215) efuse_init: Chip rev:         v3.1[0m
[0;32mI (219) heap_init: Initializing. RAM available for dynamic allocation:[0m
[0;32mI (225) heap_init: At 3FFAE6E0 len 00001920 (6 KiB): DRAM[0m
[0;32mI (230) heap_init: At 3FFB34F0 len 0002CB10 (178 KiB): DRAM[0m
[0;32mI (236) heap_init: At 3FFE0440 len 00003AE0 (14 KiB): D/IRAM[0m
[0;32mI (241) heap_init: At 3FFE4350 len 0001BCB0 (111 KiB): D/IRAM[0m
[0;32mI (246) heap_init: At 4008B02C len 00014FD4 (83 KiB): IRAM[0m
[0;33mW (253) spi_flash: Detected boya flash chip but using generic driver. For optimal functionality, enable `SPI_FLASH_SUPPORT_BOYA_CHIP` in menuconfig[0m
[0;32mI (265) spi_flash: detected chip: generic[0m
[0;32mI (268) spi_flash: flash io: dio[0m
[0;33mW (271) spi_flash: Detected size(4096k) larger than the size in the binary image header(2048k). Using the size in the binary image header.[0m
[0;32mI (285) main_task: Started on CPU0[0m
[0;32mI (295) main_task: Calling app_main()[0m
[0;32mI (295) main: Hello, starting up..[0m
Attitude: 179.81, 1.26, -47.26
Attitude: 179.81, 1.25, -47.26
Attitude: 179.81, 1.25, -47.26
Attitude: -89.47, 6.15, -59.88
Attitude: 98.37, -47.15, -68.05
Attitude: 76.22, 0.47, -89.50
Attitude: 178.04, 0.23, -78.23
Attitude: 179.24, 0.94, -41.96
Attitude: 179.70, 1.13, -30.87
Attitude: 179.84, 1.18, -27.61
Attitude: 179.90, 1.19, -26.65
Attitude: 179.91, 1.19, -26.36
Attitude: 179.92, 1.19, -26.28
Attitude: 179.91, 1.20, -26.25
Attitude: 179.91, 1.20, -26.24
Attitude: -179.89, 1.01, -95.16
Attitude: -179.81, 1.30, -69.41
Attitude: -179.50, -0.03, 13.99
Attitude: -179.87, 0.91, -22.31
Attitude: 179.88, 1.14, -33.61
Attitude: -179.76, 0.54, -114.51
Attitude: 179.51, 0.19, 2.57
Attitude: -179.94, 0.81, -16.04
Attitude: 179.87, 1.69, -32.03
Attitude: 179.81, 1.36, -33.42
Attitude: 179.79, 1.27, -34.07
Attitude: -179.52, -36.04, -32.85
Attitude: 10.72, -5.47, 109.65
Attitude: 177.40, -12.39, -64.46
Attitude: 163.84, -66.10, -40.76
Attitude: -178.63, -7.18, -45.67
Attitude: 179.16, 0.16, -45.08
Attitude: 179.57, 0.91, -45.65
Attitude: 179.69, 1.15, -45.84
Attitude: 179.75, 1.22, -46.03
Attitude: -179.34, 0.47, -148.86
Attitude: -179.93, 1.63, -133.50
Attitude: -179.95, 1.99, -106.05
Attitude: -179.09, 0.06, 1.27
Attitude: 179.99, 0.42, 2.42
Attitude: 179.86, 0.98, -21.03
Attitude: 179.93, -69.51, -54.70
Attitude: -146.02, -84.87, -100.21
Attitude: -167.54, -86.67, -80.22
Attitude: -85.48, 78.86, 52.69
Attitude: 168.09, 24.28, -100.18
Attitude: 179.74, -1.53, -85.82
Attitude: -87.41, 0.98, -113.25
Attitude: -178.85, -6.24, -123.12
Attitude: -177.89, 1.02, -74.22
Attitude: -179.15, 1.25, -64.24
Attitude: -179.52, 1.36, -61.26
