Command: C:\Users\emi\.espressif\python_env\idf6.1_py3.11_env\Scripts\python.exe D:\GitHub\esp-idf\tools/idf_monitor.py -p COM4 -b 115200 --toolchain-prefix xtensa-esp32-elf- --target esp32 --revision 0 D:\GitHub\Datalogger_2.0\esp32-datalogger\test-project\build\test-project.elf D:\GitHub\Datalogger_2.0\esp32-datalogger\test-project\build\bootloader\bootloader.elf --force-color -m 'C:\Users\emi\.espressif\python_env\idf6.1_py3.11_env\Scripts\python.exe' 'D:\GitHub\esp-idf\tools\idf.py'
ets Jul 29 2019 12:21:46

rst:0x1 (POWERON_RESET),boot:0x13 (SPI_FAST_FLASH_BOOT)
configsip: 0, SPIWP:0xee
clk_drv:0x00,q_drv:0x00,d_drv:0x00,cs0_drv:0x00,hd_drv:0x00,wp_drv:0x00
mode:DIO, clock div:2
load:0x3fff0040,len:6272
load:0x40078000,len:15848
load:0x40080400,len:3920
entry 0x40080644
[0;32mI (27) boot: ESP-IDF v6.1-dev-3480-g44c77cbf46 2nd stage bootloader[0m
[0;32mI (27) boot: compile time Apr  3 2026 18:48:09[0m
[0;32mI (28) boot: Multicore bootloader[0m
[0;32mI (30) boot: chip revision: v3.1[0m
[0;32mI (33) boot.esp32: SPI Speed      : 40MHz[0m
[0;32mI (37) boot.esp32: SPI Mode       : DIO[0m
[0;32mI (40) boot.esp32: SPI Flash Size : 2MB[0m
[0;32mI (44) boot: Enabling RNG early entropy source...[0m
[0;32mI (49) boot: Partition Table:[0m
[0;32mI (51) boot: ## Label            Usage          Type ST Offset   Length[0m
[0;32mI (57) boot:  0 nvs              WiFi data        01 02 00009000 00006000[0m
[0;32mI (64) boot:  1 phy_init         RF data          01 01 0000f000 00001000[0m
[0;32mI (71) boot:  2 factory          factory app      00 00 00010000 00100000[0m
[0;32mI (77) boot: End of partition table[0m
[0;32mI (80) esp_image: segment 0: paddr=00010020 vaddr=3f400020 size=0b6cch ( 46796) map[0m
[0;32mI (105) esp_image: segment 1: paddr=0001b6f4 vaddr=3ffb0000 size=02aach ( 10924) load[0m
[0;32mI (109) esp_image: segment 2: paddr=0001e1a8 vaddr=40080000 size=01e70h (  7792) load[0m
[0;32mI (112) esp_image: segment 3: paddr=00020020 vaddr=400d0020 size=14d38h ( 85304) map[0m
[0;32mI (146) esp_image: segment 4: paddr=00034d60 vaddr=40081e70 size=09d60h ( 40288) load[0m
[0;32mI (163) esp_image: segment 5: paddr=0003eac8 vaddr=50000000 size=00028h (    40) load[0m
[0;32mI (169) boot: Loaded app from partition at offset 0x10000[0m
[0;32mI (169) boot: Disabling RNG early entropy source...[0m
[0;32mI (181) cpu_start: Multicore app[0m
[0;32mI (189) cpu_start: GPIO 3 and 1 are used as console UART I/O pins[0m
[0;32mI (190) cpu_start: Pro cpu start user code[0m
[0;32mI (190) cpu_start: cpu freq: 160000000 Hz[0m
[0;32mI (192) app_init: Application information:[0m
[0;32mI (195) app_init: Project name:     test-project[0m
[0;32mI (200) app_init: App version:      9424512-dirty[0m
[0;32mI (204) app_init: Compile time:     May 15 2026 14:00:19[0m
[0;32mI (209) app_init: ELF file SHA256:  5a4f744c3...[0m
[0;32mI (213) app_init: ESP-IDF:          v6.1-dev-3480-g44c77cbf46[0m
[0;32mI (219) efuse_init: Min chip rev:     v0.0[0m
[0;32mI (223) efuse_init: Max chip rev:     v3.99 [0m
[0;32mI (227) efuse_init: Chip rev:         v3.1[0m
[0;32mI (231) heap_init: Initializing. RAM available for dynamic allocation:[0m
[0;32mI (237) heap_init: At 3FFAE6E0 len 00001920 (6 KiB): DRAM[0m
[0;32mI (242) heap_init: At 3FFB35D8 len 0002CA28 (178 KiB): DRAM[0m
[0;32mI (247) heap_init: At 3FFE0440 len 00003AE0 (14 KiB): D/IRAM[0m
[0;32mI (253) heap_init: At 3FFE4350 len 0001BCB0 (111 KiB): D/IRAM[0m
[0;32mI (258) heap_init: At 4008BBD0 len 00014430 (81 KiB): IRAM[0m
[0;33mW (265) spi_flash: Detected boya flash chip but using generic driver. For optimal functionality, enable `SPI_FLASH_SUPPORT_BOYA_CHIP` in menuconfig[0m
[0;32mI (277) spi_flash: detected chip: generic[0m
[0;32mI (280) spi_flash: flash io: dio[0m
[0;33mW (283) spi_flash: Detected size(4096k) larger than the size in the binary image header(2048k). Using the size in the binary image header.[0m
[0;32mI (297) main_task: Started on CPU0[0m
[0;32mI (307) main_task: Calling app_main()[0m
[0;32mI (307) main: Hello, starting up..[0m
[0;32mI (307) uart: queue free spaces: 10[0m
updated telemetry
Attitude: 179.77, 2.20, -54.48
Attitude from telemetry: 179.77, 2.20, -54.48
[1;31mE (1317) uart: uart_read_bytes(1740): uart driver error[0m
updated telemetry
Attitude: 179.76, 2.20, -54.48
Attitude from telemetry: 179.76, 2.20, -54.48
[1;31mE (3327) uart: uart_read_bytes(1740): uart driver error[0m
updated telemetry
Attitude: 179.76, 2.20, -54.48
Attitude from telemetry: 179.76, 2.20, -54.48
[1;31mE (5337) uart: uart_read_bytes(1740): uart driver error[0m
updated telemetry
Attitude: 179.75, 2.19, -54.47
Attitude from telemetry: 179.75, 2.19, -54.47
[1;31mE (7347) uart: uart_read_bytes(1740): uart driver error[0m
updated telemetry
Attitude: 179.76, 2.19, -54.27
Attitude from telemetry: 179.76, 2.19, -54.27
[1;31mE (9357) uart: uart_read_bytes(1740): uart driver error[0m
