Command: C:\Users\emi\.espressif\python_env\idf6.1_py3.11_env\Scripts\python.exe D:\GitHub\esp-idf\tools/idf_monitor.py -p COM4 -b 115200 --toolchain-prefix xtensa-esp32-elf- --target esp32 --revision 0 D:\GitHub\Datalogger_2.0\esp32-datalogger\test-project\build\test-project.elf D:\GitHub\Datalogger_2.0\esp32-datalogger\test-project\build\bootloader\bootloader.elf --force-color -m 'C:\Users\emi\.espressif\python_env\idf6.1_py3.11_env\Scripts\python.exe' 'D:\GitHub\esp-idf\tools\idf.py'
ets Jul 29 2019 12:21:46

rst:0x1 (POWERON_RESET),boot:0x13 (SPI_FAST_FLASH_BOOT)
configsip: 0, SPIWP:0xee
clk_drv:0x00,q_drv:0x00,d_drv:0x00,cs0_drv:0x00,hd_drv:0x00,wp_drv:0x00
mode:DIO, clock div:2
load:0x3fff0040,len:6272
load:0x40078000,len:15848
load:0x40080400,len:3920
entry 0x40080644
[0;32mI (27) boot: ESP-IDF v6.1-dev-3480-g44c77cbf46 2nd stage bootloader[0m
[0;32mI (27) boot: compile time Apr  3 2026 18:48:09[0m
[0;32mI (28) boot: Multicore bootloader[0m
[0;32mI (30) boot: chip revision: v3.1[0m
[0;32mI (33) boot.esp32: SPI Speed      : 40MHz[0m
[0;32mI (37) boot.esp32: SPI Mode       : DIO[0m
[0;32mI (40) boot.esp32: SPI Flash Size : 2MB[0m
[0;32mI (44) boot: Enabling RNG early entropy source...[0m
[0;32mI (49) boot: Partition Table:[0m
[0;32mI (51) boot: ## Label            Usage          Type ST Offset   Length[0m
[0;32mI (57) boot:  0 nvs              WiFi data        01 02 00009000 00006000[0m
[0;32mI (64) boot:  1 phy_init         RF data          01 01 0000f000 00001000[0m
[0;32mI (71) boot:  2 factory          factory app      00 00 00010000 00100000[0m
[0;32mI (77) boot: End of partition table[0m
[0;32mI (80) esp_image: segment 0: paddr=00010020 vaddr=3f400020 size=0b8dch ( 47324) map[0m
[0;32mI (105) esp_image: segment 1: paddr=0001b904 vaddr=3ffb0000 size=02aach ( 10924) load[0m
[0;32mI (109) esp_image: segment 2: paddr=0001e3b8 vaddr=40080000 size=01c60h (  7264) load[0m
[0;32mI (112) esp_image: segment 3: paddr=00020020 vaddr=400d0020 size=15230h ( 86576) map[0m
[0;32mI (147) esp_image: segment 4: paddr=00035258 vaddr=40081c60 size=09f70h ( 40816) load[0m
[0;32mI (164) esp_image: segment 5: paddr=0003f1d0 vaddr=50000000 size=00028h (    40) load[0m
[0;32mI (170) boot: Loaded app from partition at offset 0x10000[0m
[0;32mI (170) boot: Disabling RNG early entropy source...[0m
[0;32mI (182) cpu_start: Multicore app[0m
[0;32mI (190) cpu_start: GPIO 3 and 1 are used as console UART I/O pins[0m
[0;32mI (190) cpu_start: Pro cpu start user code[0m
[0;32mI (190) cpu_start: cpu freq: 160000000 Hz[0m
[0;32mI (192) app_init: Application information:[0m
[0;32mI (196) app_init: Project name:     test-project[0m
[0;32mI (200) app_init: App version:      9424512-dirty[0m
[0;32mI (205) app_init: Compile time:     May 15 2026 14:00:19[0m
[0;32mI (210) app_init: ELF file SHA256:  0a642a8ff...[0m
[0;32mI (214) app_init: ESP-IDF:          v6.1-dev-3480-g44c77cbf46[0m
[0;32mI (220) efuse_init: Min chip rev:     v0.0[0m
[0;32mI (224) efuse_init: Max chip rev:     v3.99 [0m
[0;32mI (228) efuse_init: Chip rev:         v3.1[0m
[0;32mI (232) heap_init: Initializing. RAM available for dynamic allocation:[0m
[0;32mI (238) heap_init: At 3FFAE6E0 len 00001920 (6 KiB): DRAM[0m
[0;32mI (243) heap_init: At 3FFB35D8 len 0002CA28 (178 KiB): DRAM[0m
[0;32mI (248) heap_init: At 3FFE0440 len 00003AE0 (14 KiB): D/IRAM[0m
[0;32mI (253) heap_init: At 3FFE4350 len 0001BCB0 (111 KiB): D/IRAM[0m
[0;32mI (259) heap_init: At 4008BBD0 len 00014430 (81 KiB): IRAM[0m
[0;33mW (265) spi_flash: Detected boya flash chip but using generic driver. For optimal functionality, enable `SPI_FLASH_SUPPORT_BOYA_CHIP` in menuconfig[0m
[0;32mI (277) spi_flash: detected chip: generic[0m
[0;32mI (281) spi_flash: flash io: dio[0m
[0;33mW (284) spi_flash: Detected size(4096k) larger than the size in the binary image header(2048k). Using the size in the binary image header.[0m
[0;32mI (297) main_task: Started on CPU0[0m
[0;32mI (307) main_task: Calling app_main()[0m
[0;32mI (307) uart: queue free spaces: 10[0m
[0;32mI (307) radio: install radio uart driver[0m
[0;32mI (307) radio: config radio uart[0m
[0;32mI (307) radio: set radio pins[0m
[0;32mI (307) radio: RadioClass start[0m
[0;32mI (317) uart: queue free spaces: 10[0m
[0;32mI (317) gps: gps uart install[0m
[0;32mI (317) gps: gps param config[0m
[0;32mI (317) gps: gps pin set[0m
[0;32mI (327) main_task: Returned from app_main()[0m
[1;31mE (6027) task_wdt: Task watchdog got triggered. The following tasks/users did not reset the watchdog in time:[0m
[1;31mE (6027) task_wdt:  - IDLE1 (CPU 1)[0m
[1;31mE (6027) task_wdt: Tasks currently running:[0m
[1;31mE (6027) task_wdt: CPU 0: IDLE0[0m
[1;31mE (6027) task_wdt: CPU 1: radio_task[0m
[1;31mE (6027) task_wdt: Print CPU 1 backtrace[0m


Backtrace: 0x40083ACE:0x3FFB1850 0x40082EA9:0x3FFB1870 0x4000BFED:0x3FFBD9D0 0x40086F22:0x3FFBD9E0 0x400E2857:0x3FFBDA00 0x400D6B20:0x3FFBDA20 0x400D7696:0x3FFBDA60 0x400D8935:0x3FFBDA90 0x400E2FE5:0x3FFBDEC0

[1;31mE (11027) task_wdt: Task watchdog got triggered. The following tasks/users did not reset the watchdog in time:[0m
[1;31mE (11027) task_wdt:  - IDLE1 (CPU 1)[0m
[1;31mE (11027) task_wdt: Tasks currently running:[0m
[1;31mE (11027) task_wdt: CPU 0: IDLE0[0m
[1;31mE (11027) task_wdt: CPU 1: radio_task[0m
[1;31mE (11027) task_wdt: Print CPU 1 backtrace[0m


Backtrace: 0x40083ACE:0x3FFB1850 0x40082EA9:0x3FFB1870 0x4000BFED:0x3FFBD9D0 0x40086F22:0x3FFBD9E0 0x400E2857:0x3FFBDA00 0x400D6B20:0x3FFBDA20 0x400D7696:0x3FFBDA60 0x400D8935:0x3FFBDA90 0x400E2FE5:0x3FFBDEC0

